\BOOKMARK [1][-]{section.1}{\376\377\000S\000p\000a\000r\000k}{}% 1
\BOOKMARK [2][-]{subsection.1.1}{\376\377\000C\000o\000r\000e\000\040\000S\000p\000a\000r\000k\000\040\000F\000u\000n\000d\000a\000m\000e\000n\000t\000a\000l\000s}{section.1}% 2
\BOOKMARK [2][-]{subsection.1.2}{\376\377\000S\000p\000a\000r\000k\000\040\000A\000r\000c\000h\000i\000t\000e\000c\000t\000u\000r\000e}{section.1}% 3
\BOOKMARK [2][-]{subsection.1.3}{\376\377\000S\000a\000m\000p\000l\000e\000\040\000Q\000u\000e\000s\000t\000i\000o\000n\000s}{section.1}% 4
\BOOKMARK [2][-]{subsection.1.4}{\376\377\000O\000n\000e\000-\000L\000i\000n\000e\000r\000s}{section.1}% 5
\BOOKMARK [2][-]{subsection.1.5}{\376\377\000P\000y\000S\000p\000a\000r\000k\000\040\000W\000o\000r\000k\000f\000l\000o\000w\000\040\000O\000v\000e\000r\000v\000i\000e\000w}{section.1}% 6
\BOOKMARK [2][-]{subsection.1.6}{\376\377\000P\000a\000r\000t\000i\000t\000i\000o\000n\000\040\000\046\000\040\000P\000a\000r\000a\000l\000l\000e\000l\000i\000s\000m}{section.1}% 7
\BOOKMARK [2][-]{subsection.1.7}{\376\377\000S\000h\000u\000f\000f\000l\000e\000\040\000\046\000\040\000J\000o\000i\000n\000s}{section.1}% 8
\BOOKMARK [2][-]{subsection.1.8}{\376\377\000C\000a\000c\000h\000i\000n\000g\000\040\000/\000\040\000P\000e\000r\000s\000i\000s\000t\000e\000n\000c\000e}{section.1}% 9
\BOOKMARK [2][-]{subsection.1.9}{\376\377\000M\000o\000c\000k\000\040\000I\000n\000t\000e\000r\000v\000i\000e\000w\000\040\000Q\000u\000e\000s\000t\000i\000o\000n\000s}{section.1}% 10
\BOOKMARK [2][-]{subsection.1.10}{\376\377\000I\000m\000p\000l\000e\000m\000e\000n\000a\000t\000i\000o\000n\000\040\000:\000\040\000P\000y\000s\000p\000a\000r\000k\000\040\000S\000a\000m\000p\000l\000e\000\040\000C\000o\000d\000e}{section.1}% 11
\BOOKMARK [2][-]{subsection.1.11}{\376\377\000H\000a\000d\000o\000o\000p\000\040\000O\000v\000e\000r\000v\000i\000e\000w}{section.1}% 12
\BOOKMARK [1][-]{section.2}{\376\377\000C\000a\000s\000e\000\040\000S\000t\000u\000d\000i\000e\000s}{}% 13
\BOOKMARK [2][-]{subsection.2.1}{\376\377\000R\000e\000d\000u\000c\000i\000n\000g\000\040\000E\000a\000r\000l\000y\000-\000S\000t\000a\000g\000e\000\040\000C\000r\000e\000d\000i\000t\000\040\000C\000a\000r\000d\000\040\000C\000h\000u\000r\000n\000\040\000\050\000U\000K\000\040\000C\000r\000e\000d\000i\000t\000\040\000C\000a\000r\000d\000\040\000I\000s\000s\000u\000e\000r\000\051}{section.2}% 14
\BOOKMARK [3][-]{subsubsection.2.1.1}{\376\377\000P\000r\000o\000b\000l\000e\000m\000\040\000D\000e\000f\000i\000n\000i\000t\000i\000o\000n}{subsection.2.1}% 15
\BOOKMARK [3][-]{subsubsection.2.1.2}{\376\377\000I\000n\000i\000t\000i\000a\000l\000\040\000C\000h\000u\000r\000n\000\040\000A\000n\000a\000l\000y\000s\000i\000s}{subsection.2.1}% 16
\BOOKMARK [3][-]{subsubsection.2.1.3}{\376\377\000S\000e\000g\000m\000e\000n\000t\000-\000L\000e\000v\000e\000l\000\040\000A\000n\000a\000l\000y\000s\000i\000s\000\040\000\050\000D\000o\000m\000a\000i\000n\000-\000D\000r\000i\000v\000e\000n\000\051}{subsection.2.1}% 17
\BOOKMARK [3][-]{subsubsection.2.1.4}{\376\377\000H\000y\000p\000o\000t\000h\000e\000s\000i\000s\000\040\000G\000e\000n\000e\000r\000a\000t\000i\000o\000n\000\040\000f\000o\000r\000\040\000C\000h\000u\000r\000n\000\040\000D\000r\000i\000v\000e\000r\000s}{subsection.2.1}% 18
\BOOKMARK [3][-]{subsubsection.2.1.5}{\376\377\000F\000e\000a\000t\000u\000r\000e\000\040\000E\000n\000g\000i\000n\000e\000e\000r\000i\000n\000g}{subsection.2.1}% 19
\BOOKMARK [3][-]{subsubsection.2.1.6}{\376\377\000M\000a\000c\000h\000i\000n\000e\000\040\000L\000e\000a\000r\000n\000i\000n\000g\000\040\000M\000o\000d\000e\000l\000i\000n\000g}{subsection.2.1}% 20
\BOOKMARK [3][-]{subsubsection.2.1.7}{\376\377\000C\000u\000s\000t\000o\000m\000e\000r\000\040\000S\000e\000g\000m\000e\000n\000t\000a\000t\000i\000o\000n\000\040\000\050\000O\000p\000t\000i\000o\000n\000a\000l\000\040\000E\000n\000h\000a\000n\000c\000e\000m\000e\000n\000t\000\051}{subsection.2.1}% 21
\BOOKMARK [3][-]{subsubsection.2.1.8}{\376\377\000R\000o\000l\000e\000\040\000o\000f\000\040\000G\000e\000n\000e\000r\000a\000t\000i\000v\000e\000\040\000A\000I\000\040\000\050\000O\000p\000t\000i\000o\000n\000a\000l\000\040\000b\000u\000t\000\040\000H\000i\000g\000h\000-\000I\000m\000p\000a\000c\000t\000\051}{subsection.2.1}% 22
\BOOKMARK [3][-]{subsubsection.2.1.9}{\376\377\000I\000n\000t\000e\000r\000v\000e\000n\000t\000i\000o\000n\000\040\000S\000t\000r\000a\000t\000e\000g\000y\000\040\000\046\000\040\000M\000e\000a\000s\000u\000r\000e\000m\000e\000n\000t}{subsection.2.1}% 23
\BOOKMARK [3][-]{subsubsection.2.1.10}{\376\377\000S\000u\000m\000m\000a\000r\000y}{subsection.2.1}% 24
\BOOKMARK [2][-]{subsection.2.2}{\376\377\000S\000a\000l\000e\000s\000\040\000D\000e\000c\000l\000i\000n\000e\000\040\000O\000v\000e\000r\000\040\000t\000h\000e\000\040\000P\000a\000s\000t\000\040\000F\000e\000w\000\040\000M\000o\000n\000t\000h\000s}{section.2}% 25
\BOOKMARK [3][-]{subsubsection.2.2.1}{\376\377\000P\000r\000o\000b\000l\000e\000m\000\040\000F\000r\000a\000m\000i\000n\000g}{subsection.2.2}% 26
\BOOKMARK [3][-]{subsubsection.2.2.2}{\376\377\000S\000t\000e\000p\000\040\0001\000:\000\040\000D\000i\000a\000g\000n\000o\000s\000e\000\040\000t\000h\000e\000\040\000S\000a\000l\000e\000s\000\040\000D\000e\000c\000l\000i\000n\000e\000\040\000\050\000E\000x\000p\000l\000o\000r\000a\000t\000o\000r\000y\000\040\000A\000n\000a\000l\000y\000s\000i\000s\000\051}{subsection.2.2}% 27
\BOOKMARK [3][-]{subsubsection.2.2.3}{\376\377\000S\000t\000e\000p\000\040\0002\000:\000\040\000F\000u\000n\000n\000e\000l\000\040\000a\000n\000d\000\040\000C\000u\000s\000t\000o\000m\000e\000r\000\040\000B\000e\000h\000a\000v\000i\000o\000r\000\040\000A\000n\000a\000l\000y\000s\000i\000s}{subsection.2.2}% 28
\BOOKMARK [3][-]{subsubsection.2.2.4}{\376\377\000S\000t\000e\000p\000\040\0003\000:\000\040\000H\000y\000p\000o\000t\000h\000e\000s\000i\000s\000\040\000G\000e\000n\000e\000r\000a\000t\000i\000o\000n}{subsection.2.2}% 29
\BOOKMARK [3][-]{subsubsection.2.2.5}{\376\377\000S\000t\000e\000p\000\040\0004\000:\000\040\000D\000e\000e\000p\000-\000D\000i\000v\000e\000\040\000A\000n\000a\000l\000y\000s\000i\000s\000\040\000a\000n\000d\000\040\000M\000o\000d\000e\000l\000i\000n\000g}{subsection.2.2}% 30
\BOOKMARK [3][-]{subsubsection.2.2.6}{\376\377\000S\000t\000e\000p\000\040\0005\000:\000\040\000D\000a\000t\000a\000-\000B\000a\000c\000k\000e\000d\000\040\000R\000e\000c\000o\000m\000m\000e\000n\000d\000a\000t\000i\000o\000n\000s}{subsection.2.2}% 31
\BOOKMARK [3][-]{subsubsection.2.2.7}{\376\377\000S\000t\000e\000p\000\040\0006\000:\000\040\000M\000e\000a\000s\000u\000r\000e\000m\000e\000n\000t\000\040\000a\000n\000d\000\040\000M\000o\000n\000i\000t\000o\000r\000i\000n\000g}{subsection.2.2}% 32
\BOOKMARK [3][-]{subsubsection.2.2.8}{\376\377\000S\000u\000m\000m\000a\000r\000y}{subsection.2.2}% 33
\BOOKMARK [2][-]{subsection.2.3}{\376\377\000S\000h\000o\000u\000l\000d\000\040\000a\000\040\000H\000a\000i\000r\000\040\000P\000r\000o\000d\000u\000c\000t\000s\000\040\000M\000a\000n\000u\000f\000a\000c\000t\000u\000r\000e\000r\000\040\000E\000n\000t\000e\000r\000\040\000t\000h\000e\000\040\000S\000u\000n\000s\000c\000r\000e\000e\000n\000\040\000M\000a\000r\000k\000e\000t\000?}{section.2}% 34
\BOOKMARK [3][-]{subsubsection.2.3.1}{\376\377\000E\000x\000e\000c\000u\000t\000i\000v\000e\000\040\000S\000u\000m\000m\000a\000r\000y}{subsection.2.3}% 35
\BOOKMARK [3][-]{subsubsection.2.3.2}{\376\377\000P\000r\000o\000b\000l\000e\000m\000\040\000F\000r\000a\000m\000i\000n\000g}{subsection.2.3}% 36
\BOOKMARK [3][-]{subsubsection.2.3.3}{\376\377\000M\000a\000r\000k\000e\000t\000\040\000A\000t\000t\000r\000a\000c\000t\000i\000v\000e\000n\000e\000s\000s\000\040\000A\000n\000a\000l\000y\000s\000i\000s}{subsection.2.3}% 37
\BOOKMARK [3][-]{subsubsection.2.3.4}{\376\377\000R\000i\000g\000h\000t\000\040\000t\000o\000\040\000W\000i\000n\000:\000\040\000B\000r\000a\000n\000d\000\040\000\046\000\040\000C\000u\000s\000t\000o\000m\000e\000r\000\040\000F\000i\000t}{subsection.2.3}% 38
\BOOKMARK [3][-]{subsubsection.2.3.5}{\376\377\000C\000o\000m\000p\000e\000t\000i\000t\000i\000v\000e\000\040\000L\000a\000n\000d\000s\000c\000a\000p\000e\000\040\000\046\000\040\000D\000i\000f\000f\000e\000r\000e\000n\000t\000i\000a\000t\000i\000o\000n}{subsection.2.3}% 39
\BOOKMARK [3][-]{subsubsection.2.3.6}{\376\377\000H\000y\000p\000o\000t\000h\000e\000s\000i\000s\000\040\000G\000e\000n\000e\000r\000a\000t\000i\000o\000n}{subsection.2.3}% 40
\BOOKMARK [3][-]{subsubsection.2.3.7}{\376\377\000F\000o\000r\000e\000c\000a\000s\000t\000i\000n\000g\000\040\000\046\000\040\000S\000c\000e\000n\000a\000r\000i\000o\000\040\000M\000o\000d\000e\000l\000i\000n\000g}{subsection.2.3}% 41
\BOOKMARK [3][-]{subsubsection.2.3.8}{\376\377\000P\000i\000l\000o\000t\000\040\000\046\000\040\000E\000x\000p\000e\000r\000i\000m\000e\000n\000t\000a\000t\000i\000o\000n\000\040\000S\000t\000r\000a\000t\000e\000g\000y}{subsection.2.3}% 42
\BOOKMARK [3][-]{subsubsection.2.3.9}{\376\377\000F\000i\000n\000a\000l\000\040\000R\000e\000c\000o\000m\000m\000e\000n\000d\000a\000t\000i\000o\000n}{subsection.2.3}% 43
\BOOKMARK [3][-]{subsubsection.2.3.10}{\376\377\000O\000n\000e\000-\000L\000i\000n\000e\000\040\000E\000x\000e\000c\000u\000t\000i\000v\000e\000\040\000S\000u\000m\000m\000a\000r\000y}{subsection.2.3}% 44
