\BOOKMARK [1][-]{section.1}{\376\377\000W\000o\000r\000d\000\040\000E\000m\000b\000e\000d\000d\000i\000n\000g\000s}{}% 1
\BOOKMARK [2][-]{subsection.1.1}{\376\377\000C\000B\000O\000W}{section.1}% 2
\BOOKMARK [2][-]{subsection.1.2}{\376\377\000S\000k\000i\000p\000-\000g\000r\000a\000m}{section.1}% 3
\BOOKMARK [2][-]{subsection.1.3}{\376\377\000n\000-\000g\000r\000a\000m\000\040\000M\000o\000d\000e\000l\000s}{section.1}% 4
\BOOKMARK [2][-]{subsection.1.4}{\376\377\000M\000a\000r\000k\000o\000v\000\040\000M\000o\000d\000e\000l\000s}{section.1}% 5
\BOOKMARK [2][-]{subsection.1.5}{\376\377\000T\000F\000-\000I\000D\000F}{section.1}% 6
\BOOKMARK [1][-]{section.2}{\376\377\000P\000e\000r\000p\000l\000e\000x\000i\000t\000y}{}% 7
\BOOKMARK [1][-]{section.3}{\376\377\000N\000e\000u\000r\000a\000l\000\040\000N\000e\000t\000w\000o\000r\000k\000\040\000B\000a\000s\000i\000c\000s}{}% 8
\BOOKMARK [2][-]{subsection.3.1}{\376\377\000V\000a\000n\000i\000s\000h\000i\000n\000g\000\040\000\046\000\040\000E\000x\000p\000l\000o\000d\000i\000n\000g\000\040\000G\000r\000a\000d\000i\000e\000n\000t\000\040\000D\000e\000s\000c\000e\000n\000t}{section.3}% 9
\BOOKMARK [2][-]{subsection.3.2}{\376\377\000P\000o\000s\000i\000t\000i\000o\000n\000a\000l\000\040\000E\000m\000b\000e\000d\000d\000i\000n\000g\000s}{section.3}% 10
\BOOKMARK [2][-]{subsection.3.3}{\376\377\000C\000o\000v\000a\000r\000i\000a\000t\000e\000\040\000S\000h\000i\000f\000t\000\040\000a\000n\000d\000\040\000N\000o\000r\000m\000a\000l\000i\000z\000a\000t\000i\000o\000n\000\040\000M\000e\000t\000h\000o\000d\000s}{section.3}% 11
\BOOKMARK [2][-]{subsection.3.4}{\376\377\000B\000y\000t\000e\000\040\000P\000a\000i\000r\000\040\000E\000n\000c\000o\000d\000i\000n\000g\000\040\000\050\000B\000P\000E\000\051}{section.3}% 12
\BOOKMARK [2][-]{subsection.3.5}{\376\377\000D\000r\000o\000p\000o\000u\000t\000\040\000M\000e\000c\000h\000a\000n\000i\000s\000m}{section.3}% 13
\BOOKMARK [2][-]{subsection.3.6}{\376\377\000R\000e\000L\000u\000\040\000A\000c\000t\000i\000v\000a\000t\000i\000o\000n}{section.3}% 14
\BOOKMARK [1][-]{section.4}{\376\377\000S\000e\000q\000u\000e\000n\000t\000i\000a\000l\000\040\000A\000r\000c\000h\000i\000t\000e\000c\000t\000u\000r\000e\000s}{}% 15
\BOOKMARK [2][-]{subsection.4.1}{\376\377\000R\000N\000N}{section.4}% 16
\BOOKMARK [2][-]{subsection.4.2}{\376\377\000L\000S\000T\000M}{section.4}% 17
\BOOKMARK [2][-]{subsection.4.3}{\376\377\000G\000R\000U}{section.4}% 18
\BOOKMARK [2][-]{subsection.4.4}{\376\377\000E\000n\000c\000o\000d\000e\000r\000-\000D\000e\000c\000o\000d\000e\000r\000\040\000w\000i\000t\000h\000\040\000A\000t\000t\000e\000n\000t\000i\000o\000n}{section.4}% 19
\BOOKMARK [1][-]{section.5}{\376\377\000T\000r\000a\000n\000s\000f\000o\000r\000m\000e\000r\000s}{}% 20
\BOOKMARK [2][-]{subsection.5.1}{\376\377\000G\000P\000T\000:\000\040\000A\000r\000c\000h\000i\000t\000e\000c\000t\000u\000r\000e\000\040\000a\000n\000d\000\040\000T\000r\000a\000i\000n\000i\000n\000g}{section.5}% 21
\BOOKMARK [2][-]{subsection.5.2}{\376\377\000B\000E\000R\000T}{section.5}% 22
\BOOKMARK [2][-]{subsection.5.3}{\376\377\000B\000A\000R\000T}{section.5}% 23
\BOOKMARK [2][-]{subsection.5.4}{\376\377\000T\0005}{section.5}% 24
\BOOKMARK [2][-]{subsection.5.5}{\376\377\000G\000e\000n\000e\000r\000a\000t\000i\000v\000e\000\040\000A\000d\000v\000e\000r\000s\000a\000r\000i\000a\000l\000\040\000N\000e\000t\000w\000o\000r\000k\000s}{section.5}% 25
\BOOKMARK [1][-]{section.6}{\376\377\000B\000L\000E\000U\000\040\000S\000c\000o\000r\000e\000\040\000\050\000B\000i\000l\000i\000n\000g\000u\000a\000l\000\040\000E\000v\000a\000l\000u\000a\000t\000i\000o\000n\000\040\000U\000n\000d\000e\000r\000s\000t\000u\000d\000y\000\051}{}% 26
\BOOKMARK [2][-]{subsection.6.1}{\376\377\000M\000o\000d\000i\000f\000i\000e\000d\000\040\000n\000-\000g\000r\000a\000m\000\040\000P\000r\000e\000c\000i\000s\000i\000o\000n}{section.6}% 27
\BOOKMARK [2][-]{subsection.6.2}{\376\377\000C\000l\000i\000p\000p\000i\000n\000g}{section.6}% 28
\BOOKMARK [2][-]{subsection.6.3}{\376\377\000B\000r\000e\000v\000i\000t\000y\000\040\000P\000e\000n\000a\000l\000t\000y\000\040\000\050\000B\000P\000\051}{section.6}% 29
\BOOKMARK [1][-]{section.7}{\376\377\000B\000E\000R\000T\000S\000c\000o\000r\000e}{}% 30
\BOOKMARK [2][-]{subsection.7.1}{\376\377\000B\000E\000R\000T\000\040\000P\000r\000e\000c\000i\000s\000i\000o\000n}{section.7}% 31
\BOOKMARK [2][-]{subsection.7.2}{\376\377\000B\000E\000R\000T\000\040\000R\000e\000c\000a\000l\000l}{section.7}% 32
\BOOKMARK [1][-]{section.8}{\376\377\000R\000O\000U\000G\000E\000\040\000S\000c\000o\000r\000e\000\040\000\050\000R\000e\000c\000a\000l\000l\000-\000O\000r\000i\000e\000n\000t\000e\000d\000\040\000U\000n\000d\000e\000r\000s\000t\000u\000d\000y\000\040\000f\000o\000r\000\040\000G\000i\000s\000t\000i\000n\000g\000\040\000E\000v\000a\000l\000u\000a\000t\000i\000o\000n\000\051}{}% 33
\BOOKMARK [2][-]{subsection.8.1}{\376\377\000R\000O\000U\000G\000E\000-\000N\000\040\000\050\000n\000-\000g\000r\000a\000m\000\040\000R\000e\000c\000a\000l\000l\000\051}{section.8}% 34
\BOOKMARK [2][-]{subsection.8.2}{\376\377\000R\000O\000U\000G\000E\000\040\000P\000r\000e\000c\000i\000s\000i\000o\000n\000\040\000\050\000o\000p\000t\000i\000o\000n\000a\000l\000\051}{section.8}% 35
\BOOKMARK [2][-]{subsection.8.3}{\376\377\000R\000O\000U\000G\000E\000-\000L\000\040\000\050\000L\000o\000n\000g\000e\000s\000t\000\040\000C\000o\000m\000m\000o\000n\000\040\000S\000u\000b\000s\000e\000q\000u\000e\000n\000c\000e\000\051}{section.8}% 36
