\BOOKMARK [1][-]{section.1}{\376\377\000L\000i\000n\000e\000a\000r\000\040\000R\000e\000g\000r\000e\000s\000s\000i\000o\000n}{}% 1
\BOOKMARK [2][-]{subsection.1.1}{\376\377\000S\000i\000m\000p\000l\000e\000\040\000L\000i\000n\000e\000a\000r\000\040\000R\000e\000g\000r\000e\000s\000s\000i\000o\000n}{section.1}% 2
\BOOKMARK [2][-]{subsection.1.2}{\376\377\000C\000o\000r\000r\000e\000l\000a\000t\000i\000o\000n\000\040\000a\000n\000d\000\040\000C\000o\000v\000a\000r\000i\000a\000n\000c\000e}{section.1}% 3
\BOOKMARK [2][-]{subsection.1.3}{\376\377\000M\000u\000l\000t\000i\000p\000l\000e\000\040\000L\000i\000n\000e\000a\000r\000\040\000R\000e\000g\000r\000e\000s\000s\000i\000o\000n}{section.1}% 4
\BOOKMARK [2][-]{subsection.1.4}{\376\377\000X\000'\000X\000,\000\040\000\050\000X\000'\000X\000\051\000-\0001\000,\000\040\000a\000n\000d\000\040\000X\000'\000Y}{section.1}% 5
\BOOKMARK [2][-]{subsection.1.5}{\376\377\000L\000i\000n\000e\000a\000r\000\040\000R\000e\000g\000r\000e\000s\000s\000i\000o\000n\000\040\000U\000s\000i\000n\000g\000\040\000G\000r\000a\000d\000i\000e\000n\000t\000\040\000D\000e\000s\000c\000e\000n\000t}{section.1}% 6
\BOOKMARK [2][-]{subsection.1.6}{\376\377\000R\000e\000g\000u\000l\000a\000r\000i\000z\000a\000t\000i\000o\000n\000:\000\040\000R\000i\000d\000g\000e\000,\000\040\000L\000a\000s\000s\000o\000,\000\040\000a\000n\000d\000\040\000E\000l\000a\000s\000t\000i\000c\000\040\000N\000e\000t}{section.1}% 7
\BOOKMARK [2][-]{subsection.1.7}{\376\377\000S\000t\000a\000n\000d\000a\000r\000d\000\040\000E\000r\000r\000o\000r\000s\000\040\000o\000f\000\040\000E\000s\000t\000i\000m\000a\000t\000e\000s}{section.1}% 8
\BOOKMARK [2][-]{subsection.1.8}{\376\377\000E\000s\000t\000i\000m\000a\000t\000e\000\040\000o\000f\000\040\000t\000h\000e\000\040\000s\000d\000\040\000o\000f\000\040\000t\000h\000e\000\040\000e\000r\000r\000o\000r\000\040\000t\000e\000r\000m\000\040\000:\000\040\000R\000S\000E}{section.1}% 9
\BOOKMARK [2][-]{subsection.1.9}{\376\377\000C\000o\000e\000f\000f\000i\000c\000i\000e\000n\000t\000\040\000I\000n\000t\000e\000r\000p\000r\000e\000t\000a\000t\000i\000o\000n\000\040\000-\000\040\000E\000x\000a\000m\000p\000l\000e}{section.1}% 10
\BOOKMARK [3][-]{subsubsection.1.9.1}{\376\377\000I\000n\000t\000e\000r\000p\000r\000e\000t\000a\000t\000i\000o\000n\000\040\000o\000f\000\040\000C\000o\000e\000f\000f\000i\000c\000i\000e\000n\000t\000s}{subsection.1.9}% 11
\BOOKMARK [3][-]{subsubsection.1.9.2}{\376\377\000E\000f\000f\000e\000c\000t\000\040\000o\000f\000\040\000C\000h\000a\000n\000g\000i\000n\000g\000\040\000U\000n\000i\000t\000s}{subsection.1.9}% 12
\BOOKMARK [2][-]{subsection.1.10}{\376\377\000R\0002\000\040\000S\000t\000a\000t\000i\000s\000t\000i\000c\000s}{section.1}% 13
\BOOKMARK [2][-]{subsection.1.11}{\376\377\000M\000e\000t\000r\000i\000c\000s\000\040\000f\000r\000o\000m\000\040\000L\000-\000P\000\040\000N\000o\000r\000m}{section.1}% 14
\BOOKMARK [2][-]{subsection.1.12}{\376\377\000H\000u\000b\000e\000r\000\040\000L\000o\000s\000s}{section.1}% 15
\BOOKMARK [2][-]{subsection.1.13}{\376\377\000A\000d\000j\000u\000s\000t\000e\000d\000\040\000R\0002}{section.1}% 16
\BOOKMARK [2][-]{subsection.1.14}{\376\377\000A\000I\000C\000\040\000\046\000\040\000B\000I\000C\000\040\000C\000a\000l\000c\000u\000l\000a\000t\000i\000o\000n}{section.1}% 17
\BOOKMARK [2][-]{subsection.1.15}{\376\377\000F\000e\000a\000t\000u\000r\000e\000\040\000S\000i\000g\000n\000i\000f\000i\000c\000a\000n\000c\000e\000\040\000-\000\040\000T\000\040\000t\000e\000s\000t}{section.1}% 18
\BOOKMARK [2][-]{subsection.1.16}{\376\377\000O\000v\000e\000r\000a\000l\000l\000\040\000S\000i\000g\000n\000i\000f\000i\000c\000a\000n\000c\000e\000\040\000-\000\040\000F\000\040\000T\000e\000s\000t}{section.1}% 19
\BOOKMARK [2][-]{subsection.1.17}{\376\377\000C\000o\000n\000f\000i\000d\000e\000n\000c\000e\000\040\000I\000n\000t\000e\000r\000v\000a\000l\000s\000\040\000o\000f\000\040\000t\000h\000e\000\040\000e\000s\000t\000i\000m\000a\000t\000e\000s}{section.1}% 20
\BOOKMARK [2][-]{subsection.1.18}{\376\377\000O\000L\000S\000\040\000V\000i\000o\000l\000a\000t\000i\000o\000n\000s}{section.1}% 21
\BOOKMARK [3][-]{subsubsection.1.18.1}{\376\377\000M\000u\000l\000t\000i\000c\000o\000l\000l\000i\000n\000e\000a\000r\000i\000t\000y}{subsection.1.18}% 22
\BOOKMARK [3][-]{subsubsection.1.18.2}{\376\377\000H\000e\000t\000e\000r\000o\000s\000k\000e\000d\000a\000s\000t\000i\000c\000i\000t\000y}{subsection.1.18}% 23
\BOOKMARK [3][-]{subsubsection.1.18.3}{\376\377\000N\000o\000n\000-\000N\000o\000r\000m\000a\000l\000i\000t\000y\000\040\000o\000f\000\040\000E\000r\000r\000o\000r\000s}{subsection.1.18}% 24
\BOOKMARK [3][-]{subsubsection.1.18.4}{\376\377\000S\000e\000r\000i\000a\000l\000\040\000C\000o\000r\000r\000e\000l\000a\000t\000i\000o\000n\000\040\000\050\000A\000u\000t\000o\000c\000o\000r\000r\000e\000l\000a\000t\000i\000o\000n\000\051}{subsection.1.18}% 25
\BOOKMARK [2][-]{subsection.1.19}{\376\377\000R\000e\000s\000i\000d\000u\000a\000l\000\040\000D\000i\000a\000g\000n\000o\000s\000t\000i\000c\000s}{section.1}% 26
\BOOKMARK [3][-]{subsubsection.1.19.1}{\376\377\000Q\040\023\000Q\000\040\000P\000l\000o\000t\000\040\000\050\000Q\000u\000a\000n\000t\000i\000l\000e\040\023\000Q\000u\000a\000n\000t\000i\000l\000e\000\051}{subsection.1.19}% 27
\BOOKMARK [3][-]{subsubsection.1.19.2}{\376\377\000S\000h\000a\000p\000i\000r\000o\040\023\000W\000i\000l\000k\000\040\000T\000e\000s\000t\000\040\000f\000o\000r\000\040\000N\000o\000r\000m\000a\000l\000i\000t\000y}{subsection.1.19}% 28
\BOOKMARK [3][-]{subsubsection.1.19.3}{\376\377\000K\000o\000l\000m\000o\000g\000o\000r\000o\000v\040\023\000S\000m\000i\000r\000n\000o\000v\000\040\000T\000e\000s\000t\000\040\000f\000o\000r\000\040\000N\000o\000r\000m\000a\000l\000i\000t\000y}{subsection.1.19}% 29
\BOOKMARK [3][-]{subsubsection.1.19.4}{\376\377\000A\000n\000d\000e\000r\000s\000o\000n\040\023\000D\000a\000r\000l\000i\000n\000g\000\040\000T\000e\000s\000t\000\040\000f\000o\000r\000\040\000N\000o\000r\000m\000a\000l\000i\000t\000y}{subsection.1.19}% 30
\BOOKMARK [3][-]{subsubsection.1.19.5}{\376\377\000O\000n\000e\000-\000S\000a\000m\000p\000l\000e\000\040\000t\000-\000t\000e\000s\000t\000:\000\040\000M\000e\000a\000n\000\040\000o\000f\000\040\000R\000e\000s\000i\000d\000u\000a\000l\000s\000\040\000=\000\040\0000}{subsection.1.19}% 31
\BOOKMARK [3][-]{subsubsection.1.19.6}{\376\377\000L\000e\000v\000e\000r\000a\000g\000e\000\040\000a\000n\000d\000\040\000I\000n\000f\000l\000u\000e\000n\000c\000e\000\040\000\050\000L\000e\000v\000e\000r\000a\000g\000e\000\040\000P\000l\000o\000t\000\051}{subsection.1.19}% 32
\BOOKMARK [3][-]{subsubsection.1.19.7}{\376\377\000S\000c\000a\000l\000e\040\023\000L\000o\000c\000a\000t\000i\000o\000n\000\040\000P\000l\000o\000t}{subsection.1.19}% 33
\BOOKMARK [3][-]{subsubsection.1.19.8}{\376\377\000B\000r\000e\000u\000s\000c\000h\040\023\000P\000a\000g\000a\000n\000\040\000T\000e\000s\000t\000\040\000f\000o\000r\000\040\000H\000o\000m\000o\000s\000c\000e\000d\000a\000s\000t\000i\000c\000i\000t\000y}{subsection.1.19}% 34
\BOOKMARK [3][-]{subsubsection.1.19.9}{\376\377\000D\000u\000r\000b\000i\000n\040\023\000W\000a\000t\000s\000o\000n\000\040\000T\000e\000s\000t\000\040\000f\000o\000r\000\040\000A\000u\000t\000o\000c\000o\000r\000r\000e\000l\000a\000t\000i\000o\000n}{subsection.1.19}% 35
\BOOKMARK [3][-]{subsubsection.1.19.10}{\376\377\000V\000a\000r\000i\000a\000n\000c\000e\000\040\000I\000n\000f\000l\000a\000t\000i\000o\000n\000\040\000F\000a\000c\000t\000o\000r\000\040\000\050\000V\000I\000F\000\051\000:\000\040\000M\000u\000l\000t\000i\000c\000o\000l\000l\000i\000n\000e\000a\000r\000i\000t\000y}{subsection.1.19}% 36
\BOOKMARK [1][-]{section.2}{\376\377\000L\000o\000g\000i\000s\000t\000i\000c\000\040\000R\000e\000g\000r\000e\000s\000s\000i\000o\000n}{}% 37
\BOOKMARK [2][-]{subsection.2.1}{\376\377\000L\000i\000n\000k\000i\000n\000g\000\040\000F\000u\000n\000c\000t\000i\000o\000n\000s}{section.2}% 38
\BOOKMARK [2][-]{subsection.2.2}{\376\377\000P\000a\000r\000a\000m\000e\000t\000e\000r\000\040\000E\000s\000t\000i\000m\000a\000t\000i\000o\000n\000\040\000u\000s\000i\000n\000g\000\040\000M\000L\000E}{section.2}% 39
\BOOKMARK [2][-]{subsection.2.3}{\376\377\000I\000n\000t\000e\000r\000p\000r\000e\000t\000a\000t\000i\000o\000n\000s\000\040\000o\000f\000\040\000t\000h\000e\000\040\000c\000o\000e\000f\000f\000i\000c\000i\000e\000n\000t\000s}{section.2}% 40
\BOOKMARK [2][-]{subsection.2.4}{\376\377\000K\000e\000y\000\040\000L\000o\000g\000i\000s\000t\000i\000c\000\040\000A\000s\000s\000u\000m\000p\000t\000i\000o\000n\000s}{section.2}% 41
\BOOKMARK [2][-]{subsection.2.5}{\376\377\000O\000d\000d\000s\000,\000\040\000l\000o\000g\000-\000o\000d\000d\000s\000,\000\040\000o\000d\000d\000s\000\040\000r\000a\000t\000i\000o\000\040\000-\000\040\000I\000n\000t\000e\000r\000p\000r\000e\000t\000a\000t\000i\000o\000n\000s}{section.2}% 42
\BOOKMARK [2][-]{subsection.2.6}{\376\377\000L\000o\000g\000i\000s\000t\000i\000c\000\040\000\046\000\040\000L\000i\000n\000e\000a\000r\000\040\000R\000e\000g\000r\000e\000s\000s\000i\000o\000n\000\040\000H\000a\000v\000e\000\040\000t\000h\000e\000\040\000S\000a\000m\000e\000\040\000G\000r\000a\000d\000i\000e\000n\000t\000\040\000F\000o\000r\000m}{section.2}% 43
\BOOKMARK [1][-]{section.3}{\376\377\000C\000l\000a\000s\000s\000i\000f\000i\000c\000a\000t\000i\000o\000n\000\040\000E\000v\000a\000l\000u\000a\000t\000i\000o\000n\000\040\000M\000e\000t\000r\000i\000c\000s}{}% 44
\BOOKMARK [2][-]{subsection.3.1}{\376\377\000C\000o\000n\000f\000u\000s\000i\000o\000n\000\040\000M\000a\000t\000r\000i\000x}{section.3}% 45
\BOOKMARK [2][-]{subsection.3.2}{\376\377\000A\000c\000c\000u\000r\000a\000c\000y}{section.3}% 46
\BOOKMARK [2][-]{subsection.3.3}{\376\377\000P\000r\000e\000c\000i\000s\000i\000o\000n}{section.3}% 47
\BOOKMARK [2][-]{subsection.3.4}{\376\377\000R\000e\000c\000a\000l\000l\000\040\000\050\000S\000e\000n\000s\000i\000t\000i\000v\000i\000t\000y\000\040\000/\000\040\000T\000r\000u\000e\000\040\000P\000o\000s\000i\000t\000i\000v\000e\000\040\000R\000a\000t\000e\000\051}{section.3}% 48
\BOOKMARK [2][-]{subsection.3.5}{\376\377\000S\000p\000e\000c\000i\000f\000i\000c\000i\000t\000y\000\040\000\050\000T\000r\000u\000e\000\040\000N\000e\000g\000a\000t\000i\000v\000e\000\040\000R\000a\000t\000e\000\051}{section.3}% 49
\BOOKMARK [2][-]{subsection.3.6}{\376\377\000F\000a\000l\000s\000e\000\040\000P\000o\000s\000i\000t\000i\000v\000e\000\040\000a\000n\000d\000\040\000F\000a\000l\000s\000e\000\040\000N\000e\000g\000a\000t\000i\000v\000e\000\040\000R\000a\000t\000e\000s}{section.3}% 50
\BOOKMARK [2][-]{subsection.3.7}{\376\377\000F\000-\000S\000c\000o\000r\000e}{section.3}% 51
\BOOKMARK [2][-]{subsection.3.8}{\376\377\000R\000O\000C\000\040\000C\000u\000r\000v\000e}{section.3}% 52
\BOOKMARK [2][-]{subsection.3.9}{\376\377\000A\000U\000C\000\040\000\050\000A\000r\000e\000a\000\040\000U\000n\000d\000e\000r\000\040\000t\000h\000e\000\040\000R\000O\000C\000\040\000C\000u\000r\000v\000e\000\051}{section.3}% 53
\BOOKMARK [2][-]{subsection.3.10}{\376\377\000G\000i\000n\000i\000\040\000C\000o\000e\000f\000f\000i\000c\000i\000e\000n\000t}{section.3}% 54
\BOOKMARK [2][-]{subsection.3.11}{\376\377\000M\000u\000l\000t\000i\000-\000C\000l\000a\000s\000s\000\040\000C\000o\000n\000f\000u\000s\000i\000o\000n\000\040\000M\000a\000t\000r\000i\000x}{section.3}% 55
\BOOKMARK [2][-]{subsection.3.12}{\376\377\000M\000i\000c\000r\000o\000,\000\040\000M\000a\000c\000r\000o\000,\000\040\000a\000n\000d\000\040\000W\000e\000i\000g\000h\000t\000e\000d\000\040\000A\000v\000e\000r\000a\000g\000e\000s}{section.3}% 56
\BOOKMARK [2][-]{subsection.3.13}{\376\377\000K\000S\000\040\000S\000t\000a\000t\000i\000s\000t\000i\000c\000\040\000\050\000K\000o\000l\000m\000o\000g\000o\000r\000o\000v\040\023\000S\000m\000i\000r\000n\000o\000v\000\051}{section.3}% 57
\BOOKMARK [2][-]{subsection.3.14}{\376\377\000F\000o\000c\000a\000l\000\040\000L\000o\000s\000s}{section.3}% 58
\BOOKMARK [1][-]{section.4}{\376\377\000B\000i\000a\000s\040\023\000V\000a\000r\000i\000a\000n\000c\000e\000\040\000T\000r\000a\000d\000e\000o\000f\000f}{}% 59
\BOOKMARK [2][-]{subsection.4.1}{\376\377\000C\000o\000r\000e\000\040\000I\000d\000e\000a}{section.4}% 60
\BOOKMARK [2][-]{subsection.4.2}{\376\377\000D\000e\000f\000i\000n\000i\000t\000i\000o\000n\000s}{section.4}% 61
\BOOKMARK [2][-]{subsection.4.3}{\376\377\000B\000i\000a\000s\040\023\000V\000a\000r\000i\000a\000n\000c\000e\000\040\000D\000e\000c\000o\000m\000p\000o\000s\000i\000t\000i\000o\000n}{section.4}% 62
\BOOKMARK [2][-]{subsection.4.4}{\376\377\000T\000r\000a\000d\000e\000-\000o\000f\000f\000:}{section.4}% 63
\BOOKMARK [1][-]{section.5}{\376\377\000I\000s\000o\000l\000a\000t\000i\000o\000n\000\040\000F\000o\000r\000e\000s\000t}{}% 64
\BOOKMARK [2][-]{subsection.5.1}{\376\377\000s\000u\000b\000s\000a\000m\000p\000l\000i\000n\000g\000\040\000i\000n\000\040\000I\000s\000o\000l\000a\000t\000i\000o\000n\000\040\000F\000o\000r\000e\000s\000t}{section.5}% 65
\BOOKMARK [2][-]{subsection.5.2}{\376\377\000H\000y\000p\000e\000r\000p\000a\000r\000a\000m\000e\000t\000e\000r\000s}{section.5}% 66
\BOOKMARK [1][-]{section.6}{\376\377\000K\000-\000N\000e\000a\000r\000e\000s\000t\000\040\000N\000e\000i\000g\000h\000b\000o\000r\000s\000\040\000\050\000K\000N\000N\000\051}{}% 67
\BOOKMARK [2][-]{subsection.6.1}{\376\377\000C\000o\000r\000e\000\040\000I\000d\000e\000a}{section.6}% 68
\BOOKMARK [2][-]{subsection.6.2}{\376\377\000C\000h\000o\000o\000s\000i\000n\000g\000\040\000k}{section.6}% 69
\BOOKMARK [2][-]{subsection.6.3}{\376\377\000D\000i\000s\000t\000a\000n\000c\000e\000\040\000M\000e\000t\000r\000i\000c\000s}{section.6}% 70
\BOOKMARK [1][-]{section.7}{\376\377\000N\000a\000i\000v\000e\000\040\000B\000a\000y\000e\000s}{}% 71
\BOOKMARK [2][-]{subsection.7.1}{\376\377\000C\000o\000r\000e\000\040\000I\000d\000e\000a}{section.7}% 72
\BOOKMARK [2][-]{subsection.7.2}{\376\377\000N\000a\000i\000v\000e\000\040\000C\000o\000n\000d\000i\000t\000i\000o\000n\000a\000l\000\040\000I\000n\000d\000e\000p\000e\000n\000d\000e\000n\000c\000e}{section.7}% 73
\BOOKMARK [2][-]{subsection.7.3}{\376\377\000E\000s\000t\000i\000m\000a\000t\000i\000n\000g\000\040\000P\000r\000i\000o\000r\000s}{section.7}% 74
\BOOKMARK [2][-]{subsection.7.4}{\376\377\000C\000o\000m\000m\000o\000n\000\040\000L\000i\000k\000e\000l\000i\000h\000o\000o\000d\000\040\000M\000o\000d\000e\000l\000s}{section.7}% 75
\BOOKMARK [1][-]{section.8}{\376\377\000S\000u\000p\000p\000o\000r\000t\000\040\000V\000e\000c\000t\000o\000r\000\040\000M\000a\000c\000h\000i\000n\000e\000s\000\040\000\050\000S\000V\000M\000\051}{}% 76
\BOOKMARK [2][-]{subsection.8.1}{\376\377\000H\000a\000r\000d\000-\000M\000a\000r\000g\000i\000n\000\040\000O\000p\000t\000i\000m\000i\000z\000a\000t\000i\000o\000n}{section.8}% 77
\BOOKMARK [2][-]{subsection.8.2}{\376\377\000S\000o\000f\000t\000-\000M\000a\000r\000g\000i\000n\000\040\000S\000V\000M}{section.8}% 78
\BOOKMARK [2][-]{subsection.8.3}{\376\377\000L\000a\000g\000r\000a\000n\000g\000i\000a\000n\000\040\000a\000n\000d\000\040\000S\000u\000p\000p\000o\000r\000t\000\040\000V\000e\000c\000t\000o\000r\000s}{section.8}% 79
\BOOKMARK [2][-]{subsection.8.4}{\376\377\000D\000e\000c\000i\000s\000i\000o\000n\000\040\000F\000u\000n\000c\000t\000i\000o\000n}{section.8}% 80
\BOOKMARK [2][-]{subsection.8.5}{\376\377\000H\000i\000n\000g\000e\000\040\000L\000o\000s\000s}{section.8}% 81
\BOOKMARK [2][-]{subsection.8.6}{\376\377\000P\000r\000i\000m\000a\000l\000\040\000\046\000\040\000D\000u\000a\000l\000\040\000F\000o\000r\000m\000\040\000o\000f\000\040\000S\000V\000M}{section.8}% 82
\BOOKMARK [3][-]{subsubsection.8.6.1}{\376\377\000P\000r\000i\000m\000a\000l\000\040\000F\000o\000r\000m}{subsection.8.6}% 83
\BOOKMARK [3][-]{subsubsection.8.6.2}{\376\377\000D\000u\000a\000l\000\040\000F\000o\000r\000m}{subsection.8.6}% 84
\BOOKMARK [3][-]{subsubsection.8.6.3}{\376\377\000D\000i\000f\000f\000e\000r\000e\000n\000c\000e\000\040\000B\000e\000t\000w\000e\000e\000n\000\040\000P\000r\000i\000m\000a\000l\000\040\000a\000n\000d\000\040\000D\000u\000a\000l}{subsection.8.6}% 85
\BOOKMARK [3][-]{subsubsection.8.6.4}{\376\377\000W\000h\000e\000n\000\040\000t\000o\000\040\000U\000s\000e\000\040\000W\000h\000i\000c\000h\000?}{subsection.8.6}% 86
\BOOKMARK [2][-]{subsection.8.7}{\376\377\000K\000e\000r\000n\000e\000l\000\040\000T\000r\000i\000c\000k}{section.8}% 87
\BOOKMARK [1][-]{section.9}{\376\377\000D\000e\000c\000i\000s\000i\000o\000n\000\040\000T\000r\000e\000e\000\040\000A\000l\000g\000o\000r\000i\000t\000h\000m}{}% 88
\BOOKMARK [2][-]{subsection.9.1}{\376\377\000C\000A\000R\000T\000\040\000A\000l\000g\000o\000r\000i\000t\000h\000m}{section.9}% 89
\BOOKMARK [2][-]{subsection.9.2}{\376\377\000S\000t\000o\000p\000p\000i\000n\000g\000\040\000C\000r\000i\000t\000e\000r\000i\000a}{section.9}% 90
\BOOKMARK [2][-]{subsection.9.3}{\376\377\000M\000e\000r\000i\000t\000s\000\040\000o\000f\000\040\000D\000e\000c\000i\000s\000i\000o\000n\000\040\000T\000r\000e\000e\000s}{section.9}% 91
\BOOKMARK [2][-]{subsection.9.4}{\376\377\000D\000e\000m\000e\000r\000i\000t\000s\000\040\000o\000f\000\040\000D\000e\000c\000i\000s\000i\000o\000n\000\040\000T\000r\000e\000e\000s}{section.9}% 92
\BOOKMARK [2][-]{subsection.9.5}{\376\377\000P\000r\000o\000p\000e\000r\000t\000i\000e\000s\000\040\000o\000f\000\040\000D\000e\000c\000i\000s\000i\000o\000n\000\040\000T\000r\000e\000e\000s}{section.9}% 93
\BOOKMARK [2][-]{subsection.9.6}{\376\377\000P\000r\000e\000-\000P\000r\000u\000n\000i\000n\000g\000\040\000D\000e\000c\000i\000s\000i\000o\000n\000\040\000T\000r\000e\000e\000s}{section.9}% 94
\BOOKMARK [2][-]{subsection.9.7}{\376\377\000C\000o\000s\000t\000\040\000-\000\040\000C\000o\000m\000p\000l\000e\000x\000i\000t\000y\000\040\000P\000r\000u\000n\000i\000n\000g\000\040\000\050\000\040\000P\000o\000s\000t\000-\000P\000r\000u\000n\000i\000n\000g\000\051}{section.9}% 95
\BOOKMARK [1][-]{section.10}{\376\377\000E\000n\000s\000e\000m\000b\000l\000e\000\040\000M\000e\000t\000h\000o\000d\000s}{}% 96
\BOOKMARK [2][-]{subsection.10.1}{\376\377\000B\000a\000g\000g\000i\000n\000g}{section.10}% 97
\BOOKMARK [2][-]{subsection.10.2}{\376\377\000B\000o\000o\000s\000t\000i\000n\000g}{section.10}% 98
\BOOKMARK [2][-]{subsection.10.3}{\376\377\000S\000t\000a\000c\000k\000i\000n\000g}{section.10}% 99
\BOOKMARK [2][-]{subsection.10.4}{\376\377\000V\000o\000t\000i\000n\000g}{section.10}% 100
\BOOKMARK [1][-]{section.11}{\376\377\000R\000a\000n\000d\000o\000m\000\040\000F\000o\000r\000e\000s\000t}{}% 101
\BOOKMARK [2][-]{subsection.11.1}{\376\377\000O\000u\000t\000-\000o\000f\000-\000B\000a\000g\000\040\000S\000c\000o\000r\000e\000\040\000\050\000O\000O\000B\000\040\000S\000c\000o\000r\000e\000\051}{section.11}% 102
\BOOKMARK [2][-]{subsection.11.2}{\376\377\000F\000e\000a\000t\000u\000r\000e\000\040\000I\000m\000p\000o\000r\000t\000a\000n\000c\000e}{section.11}% 103
\BOOKMARK [2][-]{subsection.11.3}{\376\377\000P\000r\000o\000x\000i\000m\000i\000t\000y\000\040\000M\000a\000t\000r\000i\000x}{section.11}% 104
\BOOKMARK [2][-]{subsection.11.4}{\376\377\000H\000y\000p\000e\000r\000p\000a\000r\000a\000m\000e\000t\000e\000r\000s\000\040\000o\000f\000\040\000R\000a\000n\000d\000o\000m\000\040\000F\000o\000r\000e\000s\000t}{section.11}% 105
\BOOKMARK [1][-]{section.12}{\376\377\000A\000d\000a\000b\000o\000o\000s\000t\000\040\000A\000l\000g\000o\000r\000i\000t\000h\000m}{}% 106
\BOOKMARK [2][-]{subsection.12.1}{\376\377\000A\000l\000g\000o\000r\000i\000t\000h\000m}{section.12}% 107
\BOOKMARK [1][-]{section.13}{\376\377\000G\000r\000a\000d\000i\000e\000n\000t\000\040\000B\000o\000o\000s\000t\000i\000n\000g}{}% 108
\BOOKMARK [1][-]{section.14}{\376\377\000X\000G\000B\000o\000o\000s\000t}{}% 109
\BOOKMARK [1][-]{section.15}{\376\377\000C\000a\000t\000b\000o\000o\000s\000t\000\040\000l\000g\000b\000m}{}% 110
\BOOKMARK [1][-]{section.16}{\376\377\000C\000l\000u\000s\000t\000e\000r\000i\000n\000g\000\040\000E\000v\000a\000l\000u\000a\000t\000i\000o\000n}{}% 111
\BOOKMARK [2][-]{subsection.16.1}{\376\377\000S\000i\000l\000h\000o\000u\000e\000t\000t\000e\000\040\000S\000c\000o\000r\000e}{section.16}% 112
\BOOKMARK [1][-]{section.17}{\376\377\000K\000M\000e\000a\000n\000s\000\040\000C\000l\000u\000s\000t\000e\000r\000i\000n\000g}{}% 113
\BOOKMARK [2][-]{subsection.17.1}{\376\377\000K\000-\000M\000e\000a\000n\000s\000\040\000h\000a\000s\000\040\000l\000o\000c\000a\000l\000\040\000m\000i\000n\000i\000m\000a}{section.17}% 114
\BOOKMARK [2][-]{subsection.17.2}{\376\377\000V\000a\000r\000i\000a\000n\000c\000e\000\040\000D\000e\000c\000o\000m\000p\000o\000s\000i\000t\000i\000o\000n}{section.17}% 115
\BOOKMARK [2][-]{subsection.17.3}{\376\377\000C\000o\000m\000p\000u\000t\000a\000t\000i\000o\000n\000a\000l\000\040\000C\000o\000m\000p\000l\000e\000x\000i\000t\000y}{section.17}% 116
\BOOKMARK [2][-]{subsection.17.4}{\376\377\000K\000-\000M\000e\000a\000n\000s\000\040\000+\000+}{section.17}% 117
\BOOKMARK [2][-]{subsection.17.5}{\376\377\000K\000-\000M\000e\000a\000n\000s\000\040\000T\000h\000r\000o\000u\000g\000h\000\040\000t\000h\000e\000\040\000E\000x\000p\000e\000c\000t\000a\000t\000i\000o\000n\000-\000M\000a\000x\000i\000m\000i\000z\000a\000t\000i\000o\000n\000\040\000L\000e\000n\000s}{section.17}% 118
\BOOKMARK [2][-]{subsection.17.6}{\376\377\000C\000o\000m\000p\000a\000r\000i\000s\000o\000n\000\040\000o\000f\000\040\000K\000-\000M\000e\000a\000n\000s\000\040\000\046\000\040\000G\000M\000M\000\040\000i\000n\000\040\000t\000e\000r\000m\000s\000\040\000o\000f\000\040\000E\000M\000\040\000A\000l\000g\000o\000r\000i\000t\000h\000m}{section.17}% 119
\BOOKMARK [2][-]{subsection.17.7}{\376\377\000K\000-\000M\000e\000d\000o\000i\000d\000\040\000:\000\040\000W\000h\000e\000n\000\040\000t\000h\000e\000\040\000C\000e\000n\000t\000e\000r\000\040\000M\000u\000s\000t\000\040\000b\000e\000\040\000a\000\040\000r\000e\000a\000l\000\040\000p\000o\000i\000n\000t}{section.17}% 120
\BOOKMARK [2][-]{subsection.17.8}{\376\377\000K\000-\000M\000o\000d\000e\000s\000\040\000\050\000\040\000F\000o\000r\000\040\000c\000a\000t\000e\000g\000o\000r\000i\000c\000a\000l\000\040\000d\000a\000t\000a\000\051}{section.17}% 121
\BOOKMARK [2][-]{subsection.17.9}{\376\377\000K\000-\000P\000r\000o\000t\000o\000t\000y\000p\000e\000\050\000\040\000N\000u\000m\000e\000r\000i\000c\000\040\000+\000\040\000C\000a\000t\000e\000g\000o\000r\000i\000c\000a\000l\000\051}{section.17}% 122
\BOOKMARK [2][-]{subsection.17.10}{\376\377\000A\000s\000s\000u\000m\000p\000t\000i\000o\000n\000s\000\040\000o\000f\000\040\000K\000M\000e\000a\000n\000s}{section.17}% 123
\BOOKMARK [1][-]{section.18}{\376\377\000D\000B\000S\000C\000A\000N}{}% 124
\BOOKMARK [2][-]{subsection.18.1}{\376\377\000K\000e\000y\000\040\000P\000a\000r\000a\000m\000e\000t\000e\000r\000s}{section.18}% 125
\BOOKMARK [2][-]{subsection.18.2}{\376\377\000T\000y\000p\000e\000s\000\040\000o\000f\000\040\000P\000o\000i\000n\000t\000s}{section.18}% 126
\BOOKMARK [2][-]{subsection.18.3}{\376\377\000D\000e\000n\000s\000i\000t\000y\000\040\000R\000e\000a\000c\000h\000a\000b\000i\000l\000i\000t\000y}{section.18}% 127
\BOOKMARK [2][-]{subsection.18.4}{\376\377\000D\000e\000n\000s\000i\000t\000y\000\040\000C\000o\000n\000n\000e\000c\000t\000i\000v\000i\000t\000y}{section.18}% 128
\BOOKMARK [2][-]{subsection.18.5}{\376\377\000D\000B\000S\000C\000A\000N\000\040\000A\000l\000g\000o\000r\000i\000t\000h\000m}{section.18}% 129
\BOOKMARK [2][-]{subsection.18.6}{\376\377\000C\000h\000o\000o\000s\000i\000n\000g\000\040}{section.18}% 130
\BOOKMARK [2][-]{subsection.18.7}{\376\377\000A\000d\000v\000a\000n\000t\000a\000g\000e\000s}{section.18}% 131
\BOOKMARK [2][-]{subsection.18.8}{\376\377\000L\000i\000m\000i\000t\000a\000t\000i\000o\000n\000s}{section.18}% 132
\BOOKMARK [1][-]{section.19}{\376\377\000H\000i\000e\000r\000a\000r\000c\000h\000i\000c\000a\000l\000\040\000C\000l\000u\000s\000t\000e\000r\000i\000n\000g}{}% 133
\BOOKMARK [2][-]{subsection.19.1}{\376\377\000B\000a\000s\000i\000c\000\040\000I\000d\000e\000a}{section.19}% 134
\BOOKMARK [2][-]{subsection.19.2}{\376\377\000D\000i\000s\000t\000a\000n\000c\000e\000\040\000M\000e\000t\000r\000i\000c\000s\000\040\000a\000n\000d\000\040\000L\000i\000n\000k\000a\000g\000e\000\040\000C\000r\000i\000t\000e\000r\000i\000a}{section.19}% 135
\BOOKMARK [2][-]{subsection.19.3}{\376\377\000A\000g\000g\000l\000o\000m\000e\000r\000a\000t\000i\000v\000e\000\040\000C\000l\000u\000s\000t\000e\000r\000i\000n\000g\000\040\000A\000l\000g\000o\000r\000i\000t\000h\000m}{section.19}% 136
\BOOKMARK [2][-]{subsection.19.4}{\376\377\000D\000e\000n\000d\000r\000o\000g\000r\000a\000m}{section.19}% 137
\BOOKMARK [2][-]{subsection.19.5}{\376\377\000W\000a\000r\000d\000'\000s\000\040\000M\000e\000t\000h\000o\000d\000\040\000\050\000D\000i\000s\000c\000u\000s\000s\000i\000o\000n\000\051}{section.19}% 138
\BOOKMARK [2][-]{subsection.19.6}{\376\377\000A\000d\000v\000a\000n\000t\000a\000g\000e\000s}{section.19}% 139
\BOOKMARK [2][-]{subsection.19.7}{\376\377\000L\000i\000m\000i\000t\000a\000t\000i\000o\000n\000s}{section.19}% 140
\BOOKMARK [1][-]{section.20}{\376\377\000G\000a\000u\000s\000s\000i\000a\000n\000\040\000M\000i\000x\000t\000u\000r\000e\000\040\000M\000o\000d\000e\000l\000s}{}% 141
\BOOKMARK [2][-]{subsection.20.1}{\376\377\000H\000a\000r\000d\000\040\000v\000s\000\040\000S\000o\000f\000t\000\040\000C\000l\000u\000s\000t\000e\000r\000i\000n\000g}{section.20}% 142
\BOOKMARK [2][-]{subsection.20.2}{\376\377\000T\000h\000e\000\040\000L\000a\000t\000e\000n\000t\000\040\000V\000a\000r\000i\000a\000b\000l\000e\000\040\000P\000r\000o\000b\000l\000e\000m}{section.20}% 143
\BOOKMARK [2][-]{subsection.20.3}{\376\377\000E\000x\000p\000e\000c\000t\000a\000t\000i\000o\000n\000-\000M\000a\000x\000i\000m\000i\000z\000a\000t\000i\000o\000n\000\040\000\050\000E\000M\000\051\000\040\000A\000l\000g\000o\000r\000i\000t\000h\000m}{section.20}% 144
\BOOKMARK [2][-]{subsection.20.4}{\376\377\000I\000n\000t\000u\000i\000t\000i\000o\000n\000\040\000B\000e\000h\000i\000n\000d\000\040\000E\000M}{section.20}% 145
\BOOKMARK [2][-]{subsection.20.5}{\376\377\000I\000n\000t\000e\000r\000p\000r\000e\000t\000a\000t\000i\000o\000n}{section.20}% 146
\BOOKMARK [1][-]{section.21}{\376\377\000M\000o\000d\000e\000l\000\040\000E\000x\000p\000l\000a\000i\000n\000a\000b\000i\000l\000i\000t\000y}{}% 147
\BOOKMARK [2][-]{subsection.21.1}{\376\377\000S\000h\000a\000p\000l\000e\000y\000\040\000V\000a\000l\000u\000e\000s}{section.21}% 148
\BOOKMARK [3][-]{subsubsection.21.1.1}{\376\377\000A\000t\000t\000r\000i\000b\000u\000t\000i\000n\000g\000\040\000p\000a\000y\000o\000u\000t\000\040\000t\000o\000\040\000e\000a\000c\000h\000\040\000p\000l\000a\000y\000e\000r}{subsection.21.1}% 149
\BOOKMARK [3][-]{subsubsection.21.1.2}{\376\377\000S\000h\000a\000p\000l\000e\000y\000\040\000v\000a\000l\000u\000e\000s\000\040\000i\000n\000\040\000M\000a\000c\000h\000i\000n\000e\000\040\000L\000e\000a\000r\000n\000i\000n\000g}{subsection.21.1}% 150
\BOOKMARK [3][-]{subsubsection.21.1.3}{\376\377\000S\000h\000a\000p\000l\000e\000y\000\040\000A\000x\000i\000o\000m\000s}{subsection.21.1}% 151
\BOOKMARK [3][-]{subsubsection.21.1.4}{\376\377\000P\000r\000e\000d\000i\000c\000t\000i\000o\000n\000\040\000d\000e\000c\000o\000m\000p\000o\000s\000i\000t\000i\000o\000n\000:}{subsection.21.1}% 152
\BOOKMARK [2][-]{subsection.21.2}{\376\377\000L\000I\000M\000E}{section.21}% 153
\BOOKMARK [3][-]{subsubsection.21.2.1}{\376\377\000L\000I\000M\000E\000\040\000A\000l\000g\000o\000r\000i\000t\000h\000m}{subsection.21.2}% 154
\BOOKMARK [3][-]{subsubsection.21.2.2}{\376\377\000S\000u\000b\000m\000o\000d\000u\000l\000a\000r\000\040\000P\000i\000c\000k\000\040\000A\000l\000g\000o\000r\000i\000t\000h\000m}{subsection.21.2}% 155
\BOOKMARK [3][-]{subsubsection.21.2.3}{\376\377\000A\000d\000v\000a\000n\000t\000a\000g\000e\000s\000\040\000/\000\040\000D\000i\000s\000a\000d\000v\000a\000n\000t\000a\000g\000e\000s}{subsection.21.2}% 156
\BOOKMARK [2][-]{subsection.21.3}{\376\377\000P\000a\000r\000t\000i\000a\000l\000\040\000D\000e\000p\000e\000n\000d\000e\000n\000c\000y\000\040\000P\000l\000o\000t}{section.21}% 157
\BOOKMARK [2][-]{subsection.21.4}{\376\377\000I\000C\000E\000\040\000-\000\040\000I\000n\000d\000i\000v\000i\000d\000u\000a\000l\000\040\000C\000o\000n\000d\000i\000t\000i\000o\000n\000a\000l\000\040\000E\000x\000p\000e\000c\000t\000a\000t\000i\000o\000n\000\040\000P\000l\000o\000t}{section.21}% 158
\BOOKMARK [1][-]{section.22}{\376\377\000M\000o\000d\000e\000l\000\040\000C\000a\000l\000i\000b\000r\000a\000t\000i\000o\000n}{}% 159
\BOOKMARK [2][-]{subsection.22.1}{\376\377\000S\000t\000e\000p\000s\000\040\000i\000n\000\040\000M\000o\000d\000e\000l\000\040\000C\000a\000l\000i\000b\000r\000a\000t\000i\000o\000n}{section.22}% 160
\BOOKMARK [2][-]{subsection.22.2}{\376\377\000B\000r\000i\000e\000r\000\040\000S\000c\000o\000r\000e\000\040\000L\000o\000s\000s}{section.22}% 161
\BOOKMARK [2][-]{subsection.22.3}{\376\377\000P\000l\000a\000t\000t\000\040\000S\000c\000a\000l\000i\000n\000g}{section.22}% 162
\BOOKMARK [2][-]{subsection.22.4}{\376\377\000I\000s\000o\000t\000o\000n\000i\000c\000\040\000R\000e\000g\000r\000e\000s\000s\000i\000o\000n}{section.22}% 163
\BOOKMARK [3][-]{subsubsection.22.4.1}{\376\377\000W\000h\000y\000\040\000W\000e\000\040\000N\000e\000e\000d\000\040\000I\000s\000o\000t\000o\000n\000i\000c\000\040\000R\000e\000g\000r\000e\000s\000s\000i\000o\000n}{subsection.22.4}% 164
\BOOKMARK [3][-]{subsubsection.22.4.2}{\376\377\000W\000h\000a\000t\000\040\000I\000s\000o\000t\000o\000n\000i\000c\000\040\000R\000e\000g\000r\000e\000s\000s\000i\000o\000n\000\040\000D\000o\000e\000s}{subsection.22.4}% 165
\BOOKMARK [3][-]{subsubsection.22.4.3}{\376\377\000B\000l\000o\000c\000k\000\040\000A\000v\000e\000r\000a\000g\000i\000n\000g\000\040\000I\000d\000e\000a}{subsection.22.4}% 166
\BOOKMARK [3][-]{subsubsection.22.4.4}{\376\377\000P\000o\000o\000l\000-\000A\000d\000j\000a\000c\000e\000n\000t\000-\000V\000i\000o\000l\000a\000t\000o\000r\000s\000\040\000\050\000P\000A\000V\000\051\000\040\000A\000l\000g\000o\000r\000i\000t\000h\000m}{subsection.22.4}% 167
\BOOKMARK [3][-]{subsubsection.22.4.5}{\376\377\000I\000n\000t\000e\000r\000p\000r\000e\000t\000a\000t\000i\000o\000n}{subsection.22.4}% 168
\BOOKMARK [3][-]{subsubsection.22.4.6}{\376\377\000N\000u\000m\000e\000r\000i\000c\000\040\000E\000x\000a\000m\000p\000l\000e\000\040\000:\000\040\000I\000s\000o\000t\000o\000n\000i\000c\000\040\000R\000e\000g\000r\000e\000s\000s\000i\000o\000n}{subsection.22.4}% 169
\BOOKMARK [2][-]{subsection.22.5}{\376\377\000P\000l\000a\000t\000t\000\040\000o\000r\000\040\000I\000s\000o\000t\000o\000n\000i\000c\000\040\000R\000e\000g\000r\000e\000s\000s\000i\000o\000n\000\040\000?}{section.22}% 170
\BOOKMARK [1][-]{section.23}{\376\377\000F\000e\000a\000t\000u\000r\000e\000\040\000S\000e\000l\000e\000c\000t\000i\000o\000n}{}% 171
\BOOKMARK [2][-]{subsection.23.1}{\376\377\000F\000i\000l\000t\000e\000r\000\040\000M\000e\000t\000h\000o\000d\000s}{section.23}% 172
\BOOKMARK [3][-]{subsubsection.23.1.1}{\376\377\000M\000u\000t\000u\000a\000l\000\040\000I\000n\000f\000o\000r\000m\000a\000t\000i\000o\000n}{subsection.23.1}% 173
\BOOKMARK [3][-]{subsubsection.23.1.2}{\376\377\000A\000N\000O\000V\000A\000\040\000F\000o\000r\000\040\000F\000e\000a\000t\000u\000r\000e\000\040\000S\000e\000l\000e\000c\000t\000i\000o\000n}{subsection.23.1}% 174
\BOOKMARK [3][-]{subsubsection.23.1.3}{\376\377\000V\000a\000r\000i\000a\000t\000i\000o\000n\000\040\000I\000n\000f\000l\000a\000t\000i\000o\000n\000\040\000F\000a\000c\000t\000o\000r\000\040\000-\000\040\000V\000I\000F}{subsection.23.1}% 175
\BOOKMARK [3][-]{subsubsection.23.1.4}{\376\377\000W\000e\000i\000g\000h\000t\000\040\000o\000f\000\040\000E\000v\000i\000d\000e\000n\000c\000e}{subsection.23.1}% 176
\BOOKMARK [3][-]{subsubsection.23.1.5}{\376\377\000C\000h\000i\000-\000S\000q\000u\000a\000r\000e\000\040\000T\000e\000s\000t\000\040\000o\000f\000\040\000I\000n\000d\000e\000p\000e\000n\000d\000e\000n\000c\000e}{subsection.23.1}% 177
\BOOKMARK [2][-]{subsection.23.2}{\376\377\000W\000r\000a\000p\000p\000e\000r\000\040\000M\000e\000t\000h\000o\000d\000s\000\040\000i\000n\000\040\000F\000e\000a\000t\000u\000r\000e\000\040\000S\000e\000l\000e\000c\000t\000i\000o\000n}{section.23}% 178
\BOOKMARK [3][-]{subsubsection.23.2.1}{\376\377\000F\000o\000r\000w\000a\000r\000d\000\040\000S\000e\000l\000e\000c\000t\000i\000o\000n}{subsection.23.2}% 179
\BOOKMARK [3][-]{subsubsection.23.2.2}{\376\377\000B\000a\000c\000k\000w\000a\000r\000d\000\040\000E\000l\000i\000m\000i\000n\000a\000t\000i\000o\000n}{subsection.23.2}% 180
\BOOKMARK [3][-]{subsubsection.23.2.3}{\376\377\000S\000t\000e\000p\000w\000i\000s\000e\000\040\000S\000e\000l\000e\000c\000t\000i\000o\000n}{subsection.23.2}% 181
\BOOKMARK [3][-]{subsubsection.23.2.4}{\376\377\000R\000e\000c\000u\000r\000s\000i\000v\000e\000\040\000F\000e\000a\000t\000u\000r\000e\000\040\000E\000l\000i\000m\000i\000n\000a\000t\000i\000o\000n}{subsection.23.2}% 182
\BOOKMARK [3][-]{subsubsection.23.2.5}{\376\377\000R\000f\000e\000c\000v\000\040\000A\000l\000g\000o\000r\000i\000t\000h\000m}{subsection.23.2}% 183
\BOOKMARK [2][-]{subsection.23.3}{\376\377\000E\000m\000b\000e\000d\000d\000e\000d\000\040\000M\000e\000t\000h\000o\000d\000s\000\040\000i\000n\000\040\000F\000e\000a\000t\000u\000r\000e\000\040\000S\000e\000l\000e\000c\000t\000i\000o\000n}{section.23}% 184
\BOOKMARK [3][-]{subsubsection.23.3.1}{\376\377\000L\000a\000s\000s\000o\000\040\000-\000\040\000L\0001\000\040\000R\000e\000g\000u\000l\000a\000r\000i\000s\000a\000t\000i\000o\000n}{subsection.23.3}% 185
\BOOKMARK [3][-]{subsubsection.23.3.2}{\376\377\000T\000r\000e\000e\000\040\000M\000e\000t\000h\000o\000d\000s}{subsection.23.3}% 186
\BOOKMARK [2][-]{subsection.23.4}{\376\377\000T\000r\000e\000e\000-\000b\000a\000s\000e\000d\000\040\000F\000e\000a\000t\000u\000r\000e\000\040\000I\000m\000p\000o\000r\000t\000a\000n\000c\000e}{section.23}% 187
\BOOKMARK [2][-]{subsection.23.5}{\376\377\000P\000e\000r\000m\000u\000t\000a\000t\000i\000o\000n\000\040\000F\000e\000a\000t\000u\000r\000e\000\040\000I\000m\000p\000o\000r\000t\000a\000n\000c\000e}{section.23}% 188
\BOOKMARK [2][-]{subsection.23.6}{\376\377\000D\000r\000o\000p\000-\000c\000o\000l\000u\000m\000n}{section.23}% 189
\BOOKMARK [1][-]{section.24}{\376\377\000I\000n\000f\000o\000r\000m\000a\000t\000i\000o\000n\000\040\000T\000h\000e\000o\000r\000y\000\040\000C\000o\000n\000c\000e\000p\000t\000s}{}% 190
\BOOKMARK [2][-]{subsection.24.1}{\376\377\000E\000n\000t\000r\000o\000p\000y}{section.24}% 191
\BOOKMARK [2][-]{subsection.24.2}{\376\377\000C\000r\000o\000s\000s\000\040\000E\000n\000t\000r\000o\000p\000y\000\040\000L\000o\000s\000s}{section.24}% 192
\BOOKMARK [2][-]{subsection.24.3}{\376\377\000J\000o\000i\000n\000t\000\040\000E\000n\000t\000r\000o\000p\000y}{section.24}% 193
\BOOKMARK [2][-]{subsection.24.4}{\376\377\000M\000u\000t\000u\000a\000l\000\040\000I\000n\000f\000o\000r\000m\000a\000t\000i\000o\000n}{section.24}% 194
\BOOKMARK [2][-]{subsection.24.5}{\376\377\000K\000L\000\040\000K\000u\000l\000l\000b\000a\000c\000k\000-\000L\000e\000i\000b\000l\000e\000r\000\040\000D\000i\000v\000e\000r\000g\000e\000n\000c\000e}{section.24}% 195
\BOOKMARK [2][-]{subsection.24.6}{\376\377\000P\000o\000p\000u\000l\000a\000t\000i\000o\000n\000\040\000S\000t\000a\000b\000i\000l\000i\000t\000y\000\040\000I\000n\000d\000e\000x}{section.24}% 196
\BOOKMARK [2][-]{subsection.24.7}{\376\377\000I\000d\000e\000n\000t\000i\000t\000i\000e\000s\000\040\000a\000n\000d\000\040\000I\000n\000e\000q\000u\000a\000l\000i\000t\000i\000e\000s}{section.24}% 197
\BOOKMARK [1][-]{section.25}{\376\377\000P\000r\000i\000n\000c\000i\000p\000a\000l\000\040\000C\000o\000m\000p\000o\000n\000e\000n\000t\000\040\000A\000n\000a\000l\000y\000s\000i\000s\000\040\000\050\000P\000C\000A\000\051}{}% 198
\BOOKMARK [2][-]{subsection.25.1}{\376\377\000G\000o\000a\000l\000\040\000a\000n\000d\000\040\000I\000n\000t\000u\000i\000t\000i\000o\000n}{section.25}% 199
\BOOKMARK [2][-]{subsection.25.2}{\376\377\000S\000t\000e\000p\000s\000\040\000o\000f\000\040\000P\000C\000A}{section.25}% 200
\BOOKMARK [2][-]{subsection.25.3}{\376\377\000E\000i\000g\000e\000n\000v\000e\000c\000t\000o\000r\000s\000\040\000a\000n\000d\000\040\000E\000i\000g\000e\000n\000v\000a\000l\000u\000e\000s}{section.25}% 201
\BOOKMARK [2][-]{subsection.25.4}{\376\377\000E\000x\000p\000l\000a\000i\000n\000e\000d\000\040\000V\000a\000r\000i\000a\000n\000c\000e}{section.25}% 202
\BOOKMARK [2][-]{subsection.25.5}{\376\377\000C\000o\000v\000a\000r\000i\000a\000n\000c\000e\000\040\000M\000a\000t\000r\000i\000x\000\040\000a\000n\000d\000\040\000P\000o\000s\000i\000t\000i\000v\000e\000\040\000S\000e\000m\000i\000-\000D\000e\000f\000i\000n\000i\000t\000e\000\040\000P\000r\000o\000p\000e\000r\000t\000y}{section.25}% 203
\BOOKMARK [2][-]{subsection.25.6}{\376\377\000W\000h\000y\000\040\000C\000o\000v\000a\000r\000i\000a\000n\000c\000e\000\040\000M\000a\000t\000r\000i\000c\000e\000s\000\040\000a\000r\000e\000\040\000P\000S\000D}{section.25}% 204
\BOOKMARK [2][-]{subsection.25.7}{\376\377\000C\000o\000n\000n\000e\000c\000t\000i\000o\000n\000\040\000t\000o\000\040\000S\000i\000n\000g\000u\000l\000a\000r\000\040\000V\000a\000l\000u\000e\000\040\000D\000e\000c\000o\000m\000p\000o\000s\000i\000t\000i\000o\000n\000\040\000\050\000S\000V\000D\000\051}{section.25}% 205
\BOOKMARK [1][-]{section.26}{\376\377\000R\000e\000c\000o\000m\000m\000e\000n\000d\000a\000t\000i\000o\000n\000\040\000S\000y\000s\000t\000e\000m\000s}{}% 206
\BOOKMARK [2][-]{subsection.26.1}{\376\377\000G\000o\000a\000l\000\040\000o\000f\000\040\000R\000e\000c\000o\000m\000m\000e\000n\000d\000a\000t\000i\000o\000n\000\040\000S\000y\000s\000t\000e\000m\000s}{section.26}% 207
\BOOKMARK [2][-]{subsection.26.2}{\376\377\000M\000a\000i\000n\000\040\000T\000y\000p\000e\000s\000\040\000o\000f\000\040\000R\000e\000c\000o\000m\000m\000e\000n\000d\000a\000t\000i\000o\000n\000\040\000S\000y\000s\000t\000e\000m\000s}{section.26}% 208
\BOOKMARK [2][-]{subsection.26.3}{\376\377\000C\000o\000n\000t\000e\000n\000t\000-\000B\000a\000s\000e\000d\000\040\000F\000i\000l\000t\000e\000r\000i\000n\000g}{section.26}% 209
\BOOKMARK [2][-]{subsection.26.4}{\376\377\000C\000o\000l\000l\000a\000b\000o\000r\000a\000t\000i\000v\000e\000\040\000F\000i\000l\000t\000e\000r\000i\000n\000g}{section.26}% 210
\BOOKMARK [3][-]{subsubsection.26.4.1}{\376\377\000U\000s\000e\000r\000-\000B\000a\000s\000e\000d\000\040\000C\000o\000l\000l\000a\000b\000o\000r\000a\000t\000i\000v\000e\000\040\000F\000i\000l\000t\000e\000r\000i\000n\000g}{subsection.26.4}% 211
\BOOKMARK [3][-]{subsubsection.26.4.2}{\376\377\000I\000t\000e\000m\000-\000B\000a\000s\000e\000d\000\040\000C\000o\000l\000l\000a\000b\000o\000r\000a\000t\000i\000v\000e\000\040\000F\000i\000l\000t\000e\000r\000i\000n\000g}{subsection.26.4}% 212
\BOOKMARK [3][-]{subsubsection.26.4.3}{\376\377\000M\000a\000t\000r\000i\000x\000\040\000F\000a\000c\000t\000o\000r\000i\000z\000a\000t\000i\000o\000n}{subsection.26.4}% 213
\BOOKMARK [2][-]{subsection.26.5}{\376\377\000H\000y\000b\000r\000i\000d\000\040\000M\000e\000t\000h\000o\000d\000s}{section.26}% 214
\BOOKMARK [2][-]{subsection.26.6}{\376\377\000M\000e\000t\000r\000i\000c\000s\000\040\000f\000o\000r\000\040\000R\000e\000c\000o\000m\000m\000e\000n\000d\000a\000t\000i\000o\000n\000\040\000S\000y\000s\000t\000e\000m\000s}{section.26}% 215
\BOOKMARK [1][-]{section.27}{\376\377\000M\000e\000t\000h\000o\000d\000s\000/\000T\000e\000c\000h\000n\000i\000q\000u\000e\000s\000\040\000i\000n\000\040\000M\000a\000c\000h\000i\000n\000e\000\040\000L\000e\000a\000r\000n\000i\000n\000g}{}% 216
\BOOKMARK [2][-]{subsection.27.1}{\376\377\000H\000a\000n\000d\000l\000i\000n\000g\000\040\000M\000i\000s\000s\000i\000n\000g\000\040\000V\000a\000l\000u\000e\000s}{section.27}% 217
\BOOKMARK [2][-]{subsection.27.2}{\376\377\000D\000a\000t\000a\000\040\000L\000e\000a\000k\000a\000g\000e}{section.27}% 218
\BOOKMARK [2][-]{subsection.27.3}{\376\377\000C\000r\000o\000s\000s\000\040\000V\000a\000l\000i\000d\000a\000t\000i\000o\000n\000\040\000A\000l\000g\000o\000r\000i\000t\000h\000m}{section.27}% 219
\BOOKMARK [3][-]{subsubsection.27.3.1}{\376\377\000H\000o\000l\000d\000o\000u\000t\000\040\000V\000a\000l\000i\000d\000a\000t\000i\000o\000n}{subsection.27.3}% 220
\BOOKMARK [3][-]{subsubsection.27.3.2}{\376\377\000L\000e\000a\000v\000e\000-\000O\000n\000e\000-\000O\000u\000t\000\040\000C\000r\000o\000s\000s\000\040\000V\000a\000l\000i\000d\000a\000t\000i\000o\000n\000\040\000\050\000L\000O\000O\000C\000V\000\051}{subsection.27.3}% 221
\BOOKMARK [3][-]{subsubsection.27.3.3}{\376\377\000L\000e\000a\000v\000e\000-\000p\000-\000O\000u\000t\000\040\000C\000r\000o\000s\000s\000\040\000V\000a\000l\000i\000d\000a\000t\000i\000o\000n}{subsection.27.3}% 222
\BOOKMARK [3][-]{subsubsection.27.3.4}{\376\377\000R\000e\000p\000e\000a\000t\000e\000d\000\040\000C\000r\000o\000s\000s\000\040\000V\000a\000l\000i\000d\000a\000t\000i\000o\000n}{subsection.27.3}% 223
\BOOKMARK [3][-]{subsubsection.27.3.5}{\376\377\000S\000t\000r\000a\000t\000i\000f\000i\000e\000d\000\040\000C\000r\000o\000s\000s\000\040\000V\000a\000l\000i\000d\000a\000t\000i\000o\000n}{subsection.27.3}% 224
\BOOKMARK [3][-]{subsubsection.27.3.6}{\376\377\000T\000i\000m\000e\000\040\000S\000e\000r\000i\000e\000s\000\040\000C\000r\000o\000s\000s\000\040\000V\000a\000l\000i\000d\000a\000t\000i\000o\000n}{subsection.27.3}% 225
\BOOKMARK [3][-]{subsubsection.27.3.7}{\376\377\000k\000\040\000-\000f\000o\000l\000d}{subsection.27.3}% 226
\BOOKMARK [2][-]{subsection.27.4}{\376\377\000C\000l\000a\000s\000s\000\040\000I\000m\000b\000a\000l\000a\000n\000c\000e}{section.27}% 227
\BOOKMARK [2][-]{subsection.27.5}{\376\377\000E\000n\000c\000o\000d\000i\000n\000g\000\040\000S\000t\000r\000a\000t\000e\000g\000i\000e\000s}{section.27}% 228
\BOOKMARK [2][-]{subsection.27.6}{\376\377\000F\000e\000a\000t\000u\000r\000e\000\040\000T\000r\000a\000n\000s\000f\000o\000r\000m\000a\000t\000i\000o\000n\000s}{section.27}% 229
\BOOKMARK [2][-]{subsection.27.7}{\376\377\000M\000o\000d\000e\000l\000\040\000M\000o\000n\000i\000t\000o\000r\000i\000n\000g}{section.27}% 230
