\BOOKMARK [1][-]{section.1}{\376\377\000G\000e\000n\000e\000r\000a\000t\000i\000v\000e\000\040\000A\000I\000\040\000-\000\040\000T\000h\000e\000o\000r\000y}{}% 1
\BOOKMARK [2][-]{subsection.1.1}{\376\377\000R\000e\000t\000r\000i\000e\000v\000a\000l\000\040\000A\000u\000g\000m\000e\000n\000t\000e\000d\000\040\000G\000e\000n\000e\000r\000a\000t\000i\000o\000n}{section.1}% 2
\BOOKMARK [3][-]{subsubsection.1.1.1}{\376\377\000R\000e\000t\000r\000i\000e\000v\000a\000l\000\040\000P\000i\000p\000e\000l\000i\000n\000e}{subsection.1.1}% 3
\BOOKMARK [3][-]{subsubsection.1.1.2}{\376\377\000R\000a\000g\000\040\000E\000v\000a\000l\000u\000a\000t\000i\000o\000n}{subsection.1.1}% 4
\BOOKMARK [2][-]{subsection.1.2}{\376\377\000P\000r\000o\000m\000p\000t\000i\000n\000g\000\040\000E\000n\000g\000i\000n\000e\000e\000r\000i\000n\000g}{section.1}% 5
\BOOKMARK [3][-]{subsubsection.1.2.1}{\376\377\000T\000y\000p\000e\000s\000\040\000o\000f\000\040\000P\000r\000o\000m\000p\000t\000i\000n\000g}{subsection.1.2}% 6
\BOOKMARK [3][-]{subsubsection.1.2.2}{\376\377\000S\000t\000r\000u\000c\000t\000u\000r\000e\000\040\000o\000f\000\040\000a\000\040\000g\000o\000o\000d\000\040\000P\000r\000o\000m\000p\000t}{subsection.1.2}% 7
\BOOKMARK [2][-]{subsection.1.3}{\376\377\000F\000i\000n\000e\000\040\000T\000u\000n\000i\000n\000g\000\040\000T\000o\000p\000i\000c\000s}{section.1}% 8
\BOOKMARK [3][-]{subsubsection.1.3.1}{\376\377\000F\000u\000l\000l\000\040\000F\000i\000n\000e\000\040\000T\000u\000n\000i\000n\000g}{subsection.1.3}% 9
\BOOKMARK [3][-]{subsubsection.1.3.2}{\376\377\000P\000a\000r\000a\000m\000e\000t\000e\000r\000\040\000E\000f\000f\000i\000c\000i\000e\000n\000t\000\040\000F\000i\000n\000e\000-\000T\000u\000n\000i\000n\000g\000\040\000\050\000P\000E\000F\000T\000\051}{subsection.1.3}% 10
\BOOKMARK [3][-]{subsubsection.1.3.3}{\376\377\000W\000h\000e\000n\000\040\000w\000e\000\040\000s\000h\000o\000u\000l\000d\000\040\000g\000o\000\040\000f\000o\000r\000\040\000f\000i\000n\000e\000-\000t\000u\000n\000i\000n\000g\000?}{subsection.1.3}% 11
\BOOKMARK [3][-]{subsubsection.1.3.4}{\376\377\000W\000h\000e\000n\000\040\000R\000a\000g\000\040\000i\000s\000\040\000p\000r\000e\000f\000e\000r\000r\000e\000d\000\040\000?}{subsection.1.3}% 12
\BOOKMARK [2][-]{subsection.1.4}{\376\377\000L\000L\000M\000\040\000-\000\040\000I\000n\000f\000e\000r\000e\000n\000c\000e\000\040\000P\000a\000r\000a\000m\000e\000t\000e\000r\000s}{section.1}% 13
\BOOKMARK [2][-]{subsection.1.5}{\376\377\000A\000g\000e\000n\000t\000s}{section.1}% 14
\BOOKMARK [3][-]{subsubsection.1.5.1}{\376\377\000A\000b\000i\000l\000i\000t\000i\000e\000s}{subsection.1.5}% 15
\BOOKMARK [3][-]{subsubsection.1.5.2}{\376\377\000T\000y\000p\000e\000s}{subsection.1.5}% 16
\BOOKMARK [3][-]{subsubsection.1.5.3}{\376\377\000A\000g\000e\000n\000t\000i\000c\000\040\000W\000o\000r\000k\000f\000l\000o\000w\000s}{subsection.1.5}% 17
\BOOKMARK [3][-]{subsubsection.1.5.4}{\376\377\000C\000r\000e\000a\000t\000i\000n\000g\000\040\000s\000i\000n\000g\000l\000e\000\040\000a\000g\000e\000n\000t\000s}{subsection.1.5}% 18
\BOOKMARK [3][-]{subsubsection.1.5.5}{\376\377\000M\000u\000l\000t\000i\000-\000A\000g\000e\000n\000t\000\040\000S\000y\000s\000t\000e\000m\000s\000:}{subsection.1.5}% 19
\BOOKMARK [3][-]{subsubsection.1.5.6}{\376\377\000K\000e\000y\000\040\000C\000o\000n\000c\000e\000p\000t\000s\000\040\000i\000n\000\040\000A\000g\000e\000n\000t\000\040\000O\000r\000c\000h\000e\000s\000t\000r\000a\000t\000i\000o\000n}{subsection.1.5}% 20
\BOOKMARK [2][-]{subsection.1.6}{\376\377\000T\000o\000k\000e\000n\000\040\000T\000h\000r\000o\000u\000g\000h\000p\000u\000t}{section.1}% 21
\BOOKMARK [3][-]{subsubsection.1.6.1}{\376\377\000F\000a\000c\000t\000o\000r\000s\000\040\000a\000f\000f\000e\000c\000t\000i\000n\000g\000\040\000t\000h\000r\000o\000u\000g\000h\000p\000u\000t}{subsection.1.6}% 22
\BOOKMARK [2][-]{subsection.1.7}{\376\377\000L\000a\000t\000e\000n\000c\000y}{section.1}% 23
\BOOKMARK [2][-]{subsection.1.8}{\376\377\000A\000I\000\040\000A\000g\000e\000n\000t\000s\000\040\000\046\000\040\000A\000g\000e\000n\000t\000i\000c\000\040\000A\000I}{section.1}% 24
\BOOKMARK [2][-]{subsection.1.9}{\376\377\000L\000L\000M\000\040\000A\000t\000t\000a\000c\000k\000s}{section.1}% 25
\BOOKMARK [3][-]{subsubsection.1.9.1}{\376\377\000P\000r\000o\000m\000p\000t\000\040\000I\000n\000j\000e\000c\000t\000i\000o\000n\000\040\000A\000t\000t\000a\000c\000k}{subsection.1.9}% 26
\BOOKMARK [3][-]{subsubsection.1.9.2}{\376\377\000J\000a\000i\000l\000b\000r\000e\000a\000k\000i\000n\000g}{subsection.1.9}% 27
\BOOKMARK [3][-]{subsubsection.1.9.3}{\376\377\000D\000a\000t\000a\000\040\000E\000x\000t\000r\000a\000c\000t\000i\000o\000n\000\040\000/\000\040\000L\000e\000a\000k\000a\000g\000e}{subsection.1.9}% 28
\BOOKMARK [3][-]{subsubsection.1.9.4}{\376\377\000T\000r\000a\000i\000n\000i\000n\000g\000\040\000D\000a\000t\000a\000\040\000P\000o\000i\000s\000o\000n\000i\000n\000g}{subsection.1.9}% 29
\BOOKMARK [3][-]{subsubsection.1.9.5}{\376\377\000T\000o\000o\000l\000\040\000/\000\040\000A\000g\000e\000n\000t\000\040\000E\000x\000p\000l\000o\000i\000t\000s}{subsection.1.9}% 30
