\BOOKMARK [1][-]{section.1}{\376\377\000T\000i\000m\000e\000\040\000S\000e\000r\000i\000e\000s\000\040\000A\000n\000a\000l\000y\000s\000i\000s}{}% 1
\BOOKMARK [2][-]{subsection.1.1}{\376\377\000T\000i\000m\000e\000\040\000S\000e\000r\000i\000e\000s\000\040\000C\000o\000m\000p\000o\000n\000e\000n\000t\000s}{section.1}% 2
\BOOKMARK [2][-]{subsection.1.2}{\376\377\000A\000d\000d\000i\000t\000i\000v\000e\000\040\000v\000s\000\040\000M\000u\000l\000t\000i\000p\000l\000i\000c\000a\000t\000i\000v\000e\000\040\000D\000e\000c\000o\000m\000p\000o\000s\000i\000t\000i\000o\000n\000s}{section.1}% 3
\BOOKMARK [2][-]{subsection.1.3}{\376\377\000M\000e\000a\000n\000\040\000A\000b\000s\000o\000l\000u\000t\000e\000\040\000P\000e\000r\000c\000e\000n\000t\000a\000g\000e\000\040\000E\000r\000r\000o\000r\000\040\000\050\000M\000A\000P\000E\000\051}{section.1}% 4
\BOOKMARK [2][-]{subsection.1.4}{\376\377\000S\000y\000m\000m\000e\000t\000r\000i\000c\000\040\000M\000e\000a\000n\000\040\000A\000b\000s\000o\000l\000u\000t\000e\000\040\000P\000e\000r\000c\000e\000n\000t\000a\000g\000e\000\040\000E\000r\000r\000o\000r\000\040\000\050\000s\000M\000A\000P\000E\000\051}{section.1}% 5
\BOOKMARK [2][-]{subsection.1.5}{\376\377\000D\000e\000t\000e\000r\000m\000i\000n\000i\000s\000t\000i\000c\000\040\000v\000s\000\040\000S\000t\000o\000c\000h\000a\000s\000t\000i\000c\000\040\000M\000o\000d\000e\000l\000s}{section.1}% 6
\BOOKMARK [2][-]{subsection.1.6}{\376\377\000S\000t\000a\000t\000i\000o\000n\000a\000r\000y\000\040\000S\000e\000r\000i\000e\000s}{section.1}% 7
\BOOKMARK [2][-]{subsection.1.7}{\376\377\000A\000u\000g\000m\000e\000n\000t\000e\000d\000\040\000D\000i\000c\000k\000e\000y\000-\000F\000u\000l\000l\000e\000r\000\040\000T\000e\000s\000t\000\040\000:\000\040\000S\000t\000a\000t\000i\000o\000n\000a\000r\000i\000t\000y}{section.1}% 8
\BOOKMARK [2][-]{subsection.1.8}{\376\377\000B\000o\000x\000-\000C\000o\000x\000\040\000T\000r\000a\000n\000s\000f\000o\000r\000m\000a\000t\000i\000o\000n}{section.1}% 9
\BOOKMARK [2][-]{subsection.1.9}{\376\377\000B\000a\000c\000k\000s\000h\000i\000f\000t\000\040\000O\000p\000e\000r\000a\000t\000o\000r\000\040\000\046\000\040\000D\000i\000f\000f\000e\000r\000e\000n\000c\000i\000n\000g}{section.1}% 10
\BOOKMARK [2][-]{subsection.1.10}{\376\377\000T\000r\000e\000n\000d\000\040\000o\000f\000\040\000a\000\040\000T\000i\000m\000e\000\040\000S\000e\000r\000i\000e\000s}{section.1}% 11
\BOOKMARK [2][-]{subsection.1.11}{\376\377\000W\000h\000i\000t\000e\000\040\000N\000o\000i\000s\000e}{section.1}% 12
\BOOKMARK [2][-]{subsection.1.12}{\376\377\000F\000o\000r\000e\000c\000a\000s\000t\000i\000n\000g\000\040\000M\000e\000t\000h\000o\000d\000s}{section.1}% 13
\BOOKMARK [2][-]{subsection.1.13}{\376\377\000S\000i\000m\000p\000l\000e\000\040\000E\000x\000p\000o\000n\000e\000n\000t\000i\000a\000l\000\040\000S\000m\000o\000o\000t\000h\000i\000n\000g}{section.1}% 14
\BOOKMARK [2][-]{subsection.1.14}{\376\377\000H\000o\000l\000t\000'\000s\000\040\000L\000i\000n\000e\000a\000r\000\040\000T\000r\000e\000n\000d\000\040\000M\000e\000t\000h\000o\000d}{section.1}% 15
\BOOKMARK [2][-]{subsection.1.15}{\376\377\000H\000o\000l\000t\000-\000W\000i\000n\000t\000e\000r\000s\000\040\000S\000e\000a\000s\000o\000n\000a\000l\000\040\000M\000o\000d\000e\000l}{section.1}% 16
\BOOKMARK [2][-]{subsection.1.16}{\376\377\000A\000C\000F\000\040\000a\000n\000d\000\040\000P\000A\000C\000F\000\040\000P\000l\000o\000t\000s}{section.1}% 17
\BOOKMARK [2][-]{subsection.1.17}{\376\377\000A\000u\000t\000o\000c\000o\000r\000r\000e\000l\000a\000t\000i\000o\000n\000\040\000F\000u\000n\000c\000t\000i\000o\000n\000\040\000\050\000A\000C\000F\000\051}{section.1}% 18
\BOOKMARK [2][-]{subsection.1.18}{\376\377\000P\000a\000r\000t\000i\000a\000l\000\040\000A\000u\000t\000o\000c\000o\000r\000r\000e\000l\000a\000t\000i\000o\000n\000\040\000F\000u\000n\000c\000t\000i\000o\000n\000\040\000\050\000P\000A\000C\000F\000\051}{section.1}% 19
\BOOKMARK [2][-]{subsection.1.19}{\376\377\000M\000o\000d\000e\000l\000\040\000S\000e\000l\000e\000c\000t\000i\000o\000n\000\040\000u\000s\000i\000n\000g\000\040\000A\000I\000C\000\040\000a\000n\000d\000\040\000B\000I\000C}{section.1}% 20
\BOOKMARK [2][-]{subsection.1.20}{\376\377\000M\000o\000v\000i\000n\000g\000\040\000A\000v\000e\000r\000a\000g\000e\000\040\000\050\000M\000A\000\051\000\040\000M\000o\000d\000e\000l}{section.1}% 21
\BOOKMARK [2][-]{subsection.1.21}{\376\377\000A\000u\000t\000o\000r\000e\000g\000r\000e\000s\000s\000i\000v\000e\000\040\000\050\000A\000R\000\051\000\040\000M\000o\000d\000e\000l}{section.1}% 22
\BOOKMARK [2][-]{subsection.1.22}{\376\377\000A\000u\000t\000o\000r\000e\000g\000r\000e\000s\000s\000i\000v\000e\000\040\000M\000o\000v\000i\000n\000g\000\040\000A\000v\000e\000r\000a\000g\000e\000\040\000\050\000A\000R\000M\000A\000\051\000\040\000M\000o\000d\000e\000l}{section.1}% 23
\BOOKMARK [2][-]{subsection.1.23}{\376\377\000A\000u\000t\000o\000r\000e\000g\000r\000e\000s\000s\000i\000v\000e\000\040\000I\000n\000t\000e\000g\000r\000a\000t\000e\000d\000\040\000M\000o\000v\000i\000n\000g\000\040\000A\000v\000e\000r\000a\000g\000e\000\040\000\050\000A\000R\000I\000M\000A\000\051\000\040\000M\000o\000d\000e\000l}{section.1}% 24
\BOOKMARK [2][-]{subsection.1.24}{\376\377\000S\000e\000a\000s\000o\000n\000a\000l\000\040\000A\000u\000t\000o\000r\000e\000g\000r\000e\000s\000s\000i\000v\000e\000\040\000I\000n\000t\000e\000g\000r\000a\000t\000e\000d\000\040\000M\000o\000v\000i\000n\000g\000\040\000A\000v\000e\000r\000a\000g\000e\000\040\000\050\000S\000A\000R\000I\000M\000A\000\051}{section.1}% 25
\BOOKMARK [2][-]{subsection.1.25}{\376\377\000I\000d\000e\000n\000t\000i\000f\000y\000i\000n\000g\000\040\000S\000e\000a\000s\000o\000n\000a\000l\000\040\000O\000r\000d\000e\000r\000s\000\040\000u\000s\000i\000n\000g\000\040\000A\000C\000F\000\040\000a\000n\000d\000\040\000P\000A\000C\000F}{section.1}% 26
\BOOKMARK [2][-]{subsection.1.26}{\376\377\000V\000e\000c\000t\000o\000r\000\040\000A\000u\000t\000o\000r\000e\000g\000r\000e\000s\000s\000i\000v\000e\000\040\000\050\000V\000A\000R\000\051\000\040\000a\000n\000d\000\040\000V\000A\000R\000M\000A\000\040\000M\000o\000d\000e\000l\000s}{section.1}% 27
\BOOKMARK [2][-]{subsection.1.27}{\376\377\000V\000A\000R\000\040\000M\000o\000d\000e\000l\000\040\000E\000x\000a\000m\000p\000l\000e}{section.1}% 28
